---
source: tests/test_player_stats.rs
expression: parsed
---
StatMap(
    [
        AnimalsBred(
            1955447,
        ),
        AviateOneCm(
            124854742,
        ),
        BellRing(
            205043,
        ),
        BoatOneCm(
            164221608653,
        ),
        CleanArmor(
            700,
        ),
        CleanBanner(
            19375,
        ),
        CleanShulkerBox(
            1,
        ),
        ClimbOneCm(
            16873345783,
        ),
        CrouchOneCm(
            36489665702,
        ),
        DamageAbsorbed(
            61662974,
        ),
        DamageBlockedByShield(
            84333877,
        ),
        DamageDealt(
            6776963774,
        ),
        DamageDealtAbsorbed(
            56737382,
        ),
        DamageDealtResisted(
            83415,
        ),
        DamageResisted(
            144712501,
        ),
        DamageTaken(
            1757389442,
        ),
        Deaths(
            1435136,
        ),
        DropCount(
            69335462,
        ),
        EatCakeSlice(
            179733,
        ),
        EnchantItem(
            3603347,
        ),
        FallOneCm(
            107096237134,
        ),
        FillCauldron(
            82230,
        ),
        FishCaught(
            11530120,
        ),
        FlyOneCm(
            868061783729,
        ),
        HorseOneCm(
            11078251042,
        ),
        InspectDispenser(
            959641,
        ),
        InspectDropper(
            1422575,
        ),
        InspectHopper(
            4985465,
        ),
        InteractWithAnvil(
            1867448,
        ),
        InteractWithBeacon(
            241851,
        ),
        InteractWithBlastFurnace(
            3373710,
        ),
        InteractWithBrewingstand(
            14118308,
        ),
        InteractWithCampfire(
            648225,
        ),
        InteractWithCartographyTable(
            127277,
        ),
        InteractWithCraftingTable(
            16441398,
        ),
        InteractWithFurnace(
            20592724,
        ),
        InteractWithGrindstone(
            1061585,
        ),
        InteractWithLectern(
            794435,
        ),
        InteractWithLoom(
            287712,
        ),
        InteractWithSmithingTable(
            328959,
        ),
        InteractWithSmoker(
            703695,
        ),
        InteractWithStonecutter(
            1134289,
        ),
        Jump(
            3546526098,
        ),
        LeaveGame(
            8254780,
        ),
        MinecartOneCm(
            4172542026,
        ),
        MobKills(
            148352191,
        ),
        OpenBarrel(
            37137147,
        ),
        OpenChest(
            161344561,
        ),
        OpenEnderchest(
            19764223,
        ),
        OpenShulkerBox(
            240,
        ),
        PigOneCm(
            79000605,
        ),
        PlayNoteblock(
            2652776,
        ),
        PlayRecord(
            153667,
        ),
        PlayTime(
            293679404840,
        ),
        PlayerKills(
            478627,
        ),
        PotFlower(
            117115,
        ),
        RaidTrigger(
            2,
        ),
        RaidWin(
            2,
        ),
        SleepInBed(
            252598,
        ),
        SneakTime(
            8547389060,
        ),
        SprintOneCm(
            694769018583,
        ),
        StriderOneCm(
            1398231798,
        ),
        SwimOneCm(
            29459013085,
        ),
        TalkedToVillager(
            2202073,
        ),
        TargetHit(
            64881,
        ),
        Other(
            "this_stat_does_not_exist",
            6942069,
        ),
        TimeSinceDeath(
            37072440551,
        ),
        TimeSinceRest(
            30848344926,
        ),
        TotalWorldTime(
            293679404840,
        ),
        TradedWithVillager(
            342354,
        ),
        TriggerTrappedChest(
            170419,
        ),
        TuneNoteblock(
            40556655,
        ),
        UseCauldron(
            855333,
        ),
        WalkOnWaterOneCm(
            25016704561,
        ),
        WalkOneCm(
            653481506095,
        ),
        WalkUnderWaterOneCm(
            36254711494,
        ),
    ],
)
