---
source: tests/test_quarter.rs
expression: parsed
---
[
    Quarter {
        name: "PKTUI Room 2",
        uuid: 971c5315-12c2-4c15-a8c3-d65121fa4e07,
        kind: Apartment,
        creator: 766ef3ed-a9f9-4a57-8a75-27ca91244fe6,
        owner: NamedIdGeneric {
            name: Some(
                "Hungry482",
            ),
            uuid: Some(
                8bcbbb9e-074e-421d-9ee4-6cd13326bddc,
            ),
        },
        town: NamedIdGeneric {
            name: "Dfam",
            uuid: 4dccac1a-9b4a-4a70-90dc-5ce3744806d7,
        },
        timestamps: QuarterTimestamps {
            registered: 1746089983782,
            claimed_at: Some(
                1746090794781,
            ),
        },
        status: QuarterStatus {
            is_embassy: false,
            is_for_sale: false,
        },
        stats: QuarterStats {
            price: None,
            volume: 336,
            num_cuboids: 1,
            particle_size: None,
        },
        colour: [
            63,
            180,
            255,
            255,
        ],
        trusted: [],
        cuboids: [
            QuarterCuboid {
                corner_one: [
                    7597,
                    70,
                    -3219,
                ],
                corner_two: [
                    7584,
                    67,
                    -3224,
                ],
            },
        ],
    },
]
