---
source: tests/test_quarter.rs
expression: parsed
---
[
    Quarter {
        uuid: 5fb3b17a-c67e-476e-b8ad-f030955ef8ea,
        kind: Apartment,
        owner: NamedIdGeneric {
            name: Some(
                "Mcplayer21",
            ),
            uuid: Some(
                57bcd815-d93a-4e4a-904f-d01b3459ce17,
            ),
        },
        town: NamedIdGeneric {
            name: "Washington_DC",
            uuid: 065caae9-5b75-4f2e-aabe-826a209e8247,
        },
        timestamps: QuarterTimestamps {
            registered: 1697904112328,
            claimed_at: Some(
                1710726377127,
            ),
        },
        status: QuarterStatus {
            is_embassy: true,
        },
        stats: QuarterStats {
            price: None,
            volume: 1890,
            num_cuboids: 1,
        },
        colour: [
            64,
            194,
            121,
        ],
        trusted: [],
        cuboids: [
            QuarterCuboid {
                pos1: BlockPosition {
                    x: -18395,
                    y: 93,
                    z: -8215,
                },
                pos2: BlockPosition {
                    x: -18381,
                    y: 88,
                    z: -8235,
                },
            },
        ],
    },
]
