---
source: tests/test_nation.rs
expression: parsed
---
[
    Nation {
        name: "France",
        uuid: 2a013de4-d29b-4603-830e-28517629866c,
        board: Some(
            "Oui",
        ),
        dynmap_colour: "0000FF",
        dynmap_outline: "0000FF",
        wiki: None,
        leader: NamedIdGeneric {
            name: "TiowoiT",
            uuid: 1619c62c-0198-4139-a204-cd767d4b95c5,
        },
        capital: NamedIdGeneric {
            name: "Paris",
            uuid: d6a45111-f95b-4ac2-ba52-07e8e449a622,
        },
        timestamps: NationTimestamps {
            registered: 1651565233627,
        },
        status: NationStatus {
            is_public: true,
            is_open: true,
            is_neutral: false,
        },
        stats: NationStats {
            num_town_blocks: 6084,
            num_residents: 310,
            num_towns: 22,
            num_allies: 8,
            num_enemies: 2,
            balance: 0.0,
        },
        coordinates: NationCoordinates {
            spawn: WorldLocation {
                world: "earth",
                x: 88.52482,
                y: 67.0,
                z: -9041.601,
                pitch: -0.29997826,
                yaw: -179.6996,
            },
        },
        residents: [
            NamedIdGeneric {
                name: "PapaOz",
                uuid: 4d9384fa-01d1-4b29-aded-58dcd338a5c7,
            },
            NamedIdGeneric {
                name: "ananasurunepizza",
                uuid: ec4235e8-f8ee-430e-9483-8e3a8dc707e0,
            },
            NamedIdGeneric {
                name: "Damon4747",
                uuid: d3a81796-1c44-4fed-b784-0ff5330c0b66,
            },
            NamedIdGeneric {
                name: "l3yTheus",
                uuid: 2ed1129e-e061-48c9-8759-0a9bc0b60497,
            },
            NamedIdGeneric {
                name: "removejordan",
                uuid: 4c59b479-7245-4ac7-a3b5-4f8add8b109a,
            },
            NamedIdGeneric {
                name: "egel3",
                uuid: 78715f8d-0ec8-46f5-9333-6ff8f260e539,
            },
            NamedIdGeneric {
                name: "mmbsweats",
                uuid: 469f9173-cda2-44cb-9832-1a97253457f0,
            },
            NamedIdGeneric {
                name: "_Zouwu",
                uuid: c637b7e0-bf65-4c7e-80f4-98bec2d2a6f6,
            },
            NamedIdGeneric {
                name: "JPpoch",
                uuid: 6e21bb28-b9c9-4c30-9613-b8a525cfab83,
            },
            NamedIdGeneric {
                name: "Min3H0pp3r",
                uuid: d15c5d4d-b39d-4658-b634-2e4fec0d69ee,
            },
            NamedIdGeneric {
                name: "MichaelWarbond",
                uuid: 836b6acb-f71c-4635-b324-99e723f44497,
            },
            NamedIdGeneric {
                name: "negroncino",
                uuid: 8a46cc15-6780-4632-a8b9-1e56642f984d,
            },
            NamedIdGeneric {
                name: "songbird3370",
                uuid: 529a6206-9e97-44dd-a4f8-f3bd391120dd,
            },
            NamedIdGeneric {
                name: "NDTheCool",
                uuid: cfffc031-d4db-4b84-8d68-0b5917239050,
            },
            NamedIdGeneric {
                name: "Waffles4Life9",
                uuid: 7761ec2c-8d3f-471e-b790-e401ab7a24d1,
            },
            NamedIdGeneric {
                name: "AyaanGamer238",
                uuid: 8a20f487-7f2b-470a-947d-e90b665dddbb,
            },
            NamedIdGeneric {
                name: "RainbowBringer",
                uuid: 3f22cc62-04ad-48c8-a68d-24970bcb0c7f,
            },
            NamedIdGeneric {
                name: "AilaPixi",
                uuid: c91eeb94-5ed6-4f0a-a70e-b36b26c77705,
            },
            NamedIdGeneric {
                name: "Pschmitz",
                uuid: 5c99f13c-7252-490d-a29d-072278228df5,
            },
            NamedIdGeneric {
                name: "luegxrl",
                uuid: bf9e1754-344c-4efa-b2de-34c89148c086,
            },
            NamedIdGeneric {
                name: "AD31",
                uuid: 8c7f58b3-c2bb-4a66-bf22-0b914331c006,
            },
            NamedIdGeneric {
                name: "mlalexa2",
                uuid: 4d83e826-40c6-46a6-a3da-02ad060550ca,
            },
            NamedIdGeneric {
                name: "d6nnny",
                uuid: da256b0b-ffee-4afb-a45f-de0ef623974f,
            },
            NamedIdGeneric {
                name: "Yamaha",
                uuid: 0851a5ac-74b7-4513-a053-b64844f049b6,
            },
            NamedIdGeneric {
                name: "Jayxnn",
                uuid: 47fd6179-9033-4cad-9147-639f85e8cac2,
            },
            NamedIdGeneric {
                name: "Max1m1l1an123",
                uuid: e4ca62a7-91ea-450e-ae9e-38715ee1344f,
            },
            NamedIdGeneric {
                name: "mrgeraldine",
                uuid: e584b354-0e92-4f6d-a701-29cd2692c59c,
            },
            NamedIdGeneric {
                name: "2xBlack",
                uuid: 83319d6b-ac03-4fff-9582-fdf7d32a29a0,
            },
            NamedIdGeneric {
                name: "StealthyRanger24",
                uuid: 35fbe9a3-d942-4e28-89bc-28d174c1c1cd,
            },
            NamedIdGeneric {
                name: "keronoia",
                uuid: 0237b70a-0275-4895-b82f-52c994f4e2c6,
            },
            NamedIdGeneric {
                name: "Morph__Moth",
                uuid: 24ba52b4-4466-443f-9197-43c10e3c6075,
            },
            NamedIdGeneric {
                name: "P4BLOKFC",
                uuid: 1528d88d-9ef7-4cb8-a4e2-2bcb8e6f0207,
            },
            NamedIdGeneric {
                name: "ladoge",
                uuid: 8c2f9f13-3e2e-42a1-a7ce-6a11e639f8e5,
            },
            NamedIdGeneric {
                name: "Gh0stwheel",
                uuid: efa1ef10-c810-43e2-a2e5-11999fc59e4a,
            },
            NamedIdGeneric {
                name: "Softpillow8518",
                uuid: 9c5a423c-3d7f-4ee0-bc32-fa17b5c10a97,
            },
            NamedIdGeneric {
                name: "zx9c",
                uuid: 4a4fa91d-2841-46fe-8b3d-cc1f30c7150c,
            },
            NamedIdGeneric {
                name: "ste_dision",
                uuid: 877d643d-2f80-463b-b610-e44112b08aae,
            },
            NamedIdGeneric {
                name: "ELO_PLAYZ16",
                uuid: a3993243-c5c3-41a6-bef3-43adb983fdb6,
            },
            NamedIdGeneric {
                name: "MzeKze",
                uuid: b4b7b837-315e-49d0-9d25-3eff570ee22c,
            },
            NamedIdGeneric {
                name: "LushCaveMan2",
                uuid: 99847df4-328b-4777-866e-4c0d2d31095e,
            },
            NamedIdGeneric {
                name: "JyriG",
                uuid: b0d1dc1c-018c-4695-816f-fdb698c2b9e6,
            },
            NamedIdGeneric {
                name: "CrxckerCrvms",
                uuid: 92a06d96-aab6-432d-af20-3d8cafd407bc,
            },
            NamedIdGeneric {
                name: "Bql0",
                uuid: 92c28872-c9e2-4aeb-99ba-ec9e9dabaa28,
            },
            NamedIdGeneric {
                name: "MinecraftEST3423",
                uuid: 2b4b7f13-b3b8-4d2d-aefb-9ccdf53d5199,
            },
            NamedIdGeneric {
                name: "juul69",
                uuid: a219791b-8309-42e6-aa4f-4e6bac18d605,
            },
            NamedIdGeneric {
                name: "waffle_15_",
                uuid: ed8b62d6-a14d-4543-bb30-ab48eda25bce,
            },
            NamedIdGeneric {
                name: "Sarpili_Gaming",
                uuid: 99158a22-4286-45af-ad91-7c9a37041cd9,
            },
            NamedIdGeneric {
                name: "CreatePorrex",
                uuid: 11a1b262-88ff-455b-b425-20dacfad61de,
            },
            NamedIdGeneric {
                name: "platoondaddy",
                uuid: 6ac87a6f-8a43-4066-a24d-516e87b89c6e,
            },
            NamedIdGeneric {
                name: "Trixe_0",
                uuid: 2c5ad13d-4544-480f-989a-80da0cd6e100,
            },
            NamedIdGeneric {
                name: "Dygame01",
                uuid: bde69f7b-cd2f-40fe-b5ad-b757f6e83db0,
            },
            NamedIdGeneric {
                name: "VrnletPlayzGames",
                uuid: e3ec5866-d010-4cd3-a22e-fc2f93f51b5d,
            },
            NamedIdGeneric {
                name: "Willerd12345",
                uuid: 75d6d61c-7a06-467c-ab81-992d8caa0fcf,
            },
            NamedIdGeneric {
                name: "Trexofmen",
                uuid: 165da9ce-2d9b-45b9-8783-866e3e48c898,
            },
            NamedIdGeneric {
                name: "BiggsBoys4044",
                uuid: 1dc9c079-ab82-46c8-97f7-2df65899b092,
            },
            NamedIdGeneric {
                name: "qwey_",
                uuid: 50fb2b54-9e94-410d-8451-d45b216effaf,
            },
            NamedIdGeneric {
                name: "Megaboy23",
                uuid: 74b9fc42-ef1d-4a1a-bf09-23cc4fb7dab7,
            },
            NamedIdGeneric {
                name: "ADAMSALEEMUK",
                uuid: 3011be72-03fc-45bd-b453-fcd67743d363,
            },
            NamedIdGeneric {
                name: "Tamar__",
                uuid: 32add24b-39a6-4586-a7de-0031f764919e,
            },
            NamedIdGeneric {
                name: "Messieurojackpot",
                uuid: 392e5e9e-4ef5-48f2-b91b-1f8514852bc0,
            },
            NamedIdGeneric {
                name: "egely1337",
                uuid: 233f997c-1f75-42aa-af11-15eb3bd190d0,
            },
            NamedIdGeneric {
                name: "Pechek",
                uuid: d1615fac-2cff-415f-9322-5ba522999897,
            },
            NamedIdGeneric {
                name: "PitaCuPateu07",
                uuid: acfa2fe1-8e25-4793-8726-897238b8af21,
            },
            NamedIdGeneric {
                name: "gogiee211",
                uuid: a69ab592-6ea6-4dd4-8740-3536fe90ae10,
            },
            NamedIdGeneric {
                name: "Croulzz",
                uuid: e690e635-103d-4049-b35c-eadd5ebb7d9e,
            },
            NamedIdGeneric {
                name: "Wuxoit",
                uuid: f9d9d7c4-1a20-46d7-957b-bddaba65d634,
            },
            NamedIdGeneric {
                name: "sloHwk",
                uuid: dbfe1b0b-ff57-4efb-b1f9-5fb75ac8f510,
            },
            NamedIdGeneric {
                name: "PtHill",
                uuid: 05bf6ab8-1f01-4851-9577-268066c0959c,
            },
            NamedIdGeneric {
                name: "TheRealTheo1212",
                uuid: 29a2a0db-ff4d-4119-8600-ceec7dce52a0,
            },
            NamedIdGeneric {
                name: "johnthezombi",
                uuid: 8d47bf73-d653-430d-bff9-25ff5cb62908,
            },
            NamedIdGeneric {
                name: "Blazz_e",
                uuid: 4c046241-739d-428c-a416-3030a1b13213,
            },
            NamedIdGeneric {
                name: "_Pinch",
                uuid: b3200c08-98b1-47b0-bfb7-627df268f4e9,
            },
            NamedIdGeneric {
                name: "DiscoDeaky92",
                uuid: f9110f69-3fe6-4b8a-b145-02a1fe081b20,
            },
            NamedIdGeneric {
                name: "link55001",
                uuid: 3d1f6709-0bbc-402b-9218-25eea3f429cd,
            },
            NamedIdGeneric {
                name: "Antiochian",
                uuid: 3d80ca33-7800-43df-81bb-4eb21c1ca681,
            },
            NamedIdGeneric {
                name: "DarkXE",
                uuid: c77e5612-7235-489c-ad08-c34926482e72,
            },
            NamedIdGeneric {
                name: "Harmol_16",
                uuid: 974a45e8-9d55-4c43-9ab0-a0d9fd986c02,
            },
            NamedIdGeneric {
                name: "ItisastartVR",
                uuid: a3d37c5d-02ca-4b7b-9b19-415f2eb469c3,
            },
            NamedIdGeneric {
                name: "iloveotters16",
                uuid: 3354498d-22af-42b4-901c-ec6d6eb0bb9a,
            },
            NamedIdGeneric {
                name: "DetectiveCheese2",
                uuid: bad164d6-12d8-44fe-abc5-71ffd27e4728,
            },
            NamedIdGeneric {
                name: "Plasmawind689",
                uuid: b5201a95-2958-488c-8078-de76d1227727,
            },
            NamedIdGeneric {
                name: "WildM25",
                uuid: 5f412248-5915-4ed2-92ad-d2706adcf3db,
            },
            NamedIdGeneric {
                name: "amsiken61",
                uuid: 750d2e8b-4e18-4318-a923-77156bf7a5a7,
            },
            NamedIdGeneric {
                name: "EnginAmck",
                uuid: c78ef7cb-6cd2-46f6-a318-f2d8fcedd154,
            },
            NamedIdGeneric {
                name: "5qo_msmc_2w9",
                uuid: 592dbea3-1450-4b25-b7f0-6d820a7e68a0,
            },
            NamedIdGeneric {
                name: "ZlaxielPringles",
                uuid: 1ee5762b-8db3-4792-8227-84daadc45fbf,
            },
            NamedIdGeneric {
                name: "zeeeeeeeeeky",
                uuid: 981deee9-0dc9-441a-8d9c-005585126a6d,
            },
            NamedIdGeneric {
                name: "shpirag12345",
                uuid: ef4e4cca-1586-4f44-858a-c2206c5bf57b,
            },
            NamedIdGeneric {
                name: "rip_ice999",
                uuid: 5cadf472-afff-4f55-8e55-d713829be31d,
            },
            NamedIdGeneric {
                name: "itheras",
                uuid: a07c1b44-1c37-45d8-8599-2aa4ee52e669,
            },
            NamedIdGeneric {
                name: "higuys121212",
                uuid: 4306b022-d23a-44d8-9411-a4748ba39504,
            },
            NamedIdGeneric {
                name: "Seby4s",
                uuid: b4d1f4e4-7bd1-4ded-a1f8-a347770d3b97,
            },
            NamedIdGeneric {
                name: "Norderek",
                uuid: b139e10a-9ffc-49e0-94fa-f318fcbea700,
            },
            NamedIdGeneric {
                name: "00Turtles",
                uuid: e9bc2f01-69f0-45e4-a9b4-adc1cca74cd0,
            },
            NamedIdGeneric {
                name: "StagierArt26351",
                uuid: 5eaa03ac-c852-41ba-808f-195557ac217c,
            },
            NamedIdGeneric {
                name: "TheFetus",
                uuid: 039afd79-c5ab-4f66-badd-7b6966be5994,
            },
            NamedIdGeneric {
                name: "Herobrine61218",
                uuid: bc6231e5-9bc2-4869-a3b0-a124585168c4,
            },
            NamedIdGeneric {
                name: "Kaya1532",
                uuid: ef942010-4ada-4e36-833f-63a84896f8c9,
            },
            NamedIdGeneric {
                name: "akshan124",
                uuid: 968c0d84-2e94-4365-afa9-00bce865ac12,
            },
            NamedIdGeneric {
                name: "Kokonik8",
                uuid: d8904148-712c-43ca-9841-1aecb61f6ad4,
            },
            NamedIdGeneric {
                name: "Cain2112",
                uuid: 2100800d-2fb5-4c19-b5c4-3a043b2d73f3,
            },
            NamedIdGeneric {
                name: "justa_salmon",
                uuid: 764550b2-e490-47fd-9d8b-bb57f594b153,
            },
            NamedIdGeneric {
                name: "bigcreeper1",
                uuid: dd7b7339-19e2-483d-8ccf-e07897e9097f,
            },
            NamedIdGeneric {
                name: "ngumaxaolon",
                uuid: cf6eae55-2378-4528-8f84-144a1b6dc2cb,
            },
            NamedIdGeneric {
                name: "ThyBestRoach",
                uuid: 715ce845-e272-4c3b-b84e-201ec5619e49,
            },
            NamedIdGeneric {
                name: "Kqzmii",
                uuid: 6c65448e-8d2e-4824-90ad-6e26f7cc8941,
            },
            NamedIdGeneric {
                name: "Johnny_Kid",
                uuid: 76314195-2fa7-4c3c-8232-2e57b227c89b,
            },
            NamedIdGeneric {
                name: "Xeixe",
                uuid: 5bbebd5c-01ea-4695-95aa-0ac802c5bfd3,
            },
            NamedIdGeneric {
                name: "clvqii",
                uuid: d8b4ab97-a510-47ef-8ff5-57b8bd514a27,
            },
            NamedIdGeneric {
                name: "izzo043YTPC",
                uuid: d5b71d0f-67ce-4900-bd4c-cc2d661c4e26,
            },
            NamedIdGeneric {
                name: "Theblueaxolotl6",
                uuid: 117e6b65-347c-47bf-a233-154978eeff71,
            },
            NamedIdGeneric {
                name: "theyendermen",
                uuid: d3456f07-1582-4cdd-acd2-f6482e2d49a2,
            },
            NamedIdGeneric {
                name: "1832",
                uuid: 4243c41d-3e30-45b6-bb9b-39a46bea9252,
            },
            NamedIdGeneric {
                name: "Schwere_mom",
                uuid: 88be09f9-fb8e-4876-bfd9-0158f3b7d168,
            },
            NamedIdGeneric {
                name: "Fangering",
                uuid: d121eac2-d7cc-484c-a4cf-0dfded1b4cee,
            },
            NamedIdGeneric {
                name: "MineT5stCraft",
                uuid: 7a0d48f5-5da4-45c8-ba67-59e19cd59d5b,
            },
            NamedIdGeneric {
                name: "Opluentia",
                uuid: 23eb774a-4837-4568-839d-50be6302c545,
            },
            NamedIdGeneric {
                name: "1YiYi",
                uuid: b50d0522-8568-445b-9d77-af970151660d,
            },
            NamedIdGeneric {
                name: "jujutatamu",
                uuid: 07552488-e2d9-497f-9c21-4c04eb865c5d,
            },
            NamedIdGeneric {
                name: "TechynA",
                uuid: c3e982e5-9ec5-4c08-93a3-e54502953e55,
            },
            NamedIdGeneric {
                name: "Enderistheruler",
                uuid: ec08163d-b110-4029-b2ca-70ddeac46752,
            },
            NamedIdGeneric {
                name: "EriksonVonKrieg",
                uuid: ec8d1670-84c0-456d-aa73-2866661d94b6,
            },
            NamedIdGeneric {
                name: "Mikelreza",
                uuid: 28df802b-ee72-4816-9cc4-f7f83e3b10bc,
            },
            NamedIdGeneric {
                name: "Bigidildi",
                uuid: 62e1407c-0fff-44f6-bd1d-f3b25a5b1126,
            },
            NamedIdGeneric {
                name: "YennyBurger",
                uuid: 8cf5ade7-f741-4742-bd8a-5cc695504f76,
            },
            NamedIdGeneric {
                name: "blededge",
                uuid: c4ef5893-fcd9-4f40-9552-86791be82a96,
            },
            NamedIdGeneric {
                name: "ruzanay",
                uuid: 853e2974-8ae9-4b3e-aa5e-ff02744811a0,
            },
            NamedIdGeneric {
                name: "Rad_King",
                uuid: f67873b1-59e3-4bbe-a957-88e0f9dbf2ec,
            },
            NamedIdGeneric {
                name: "thechamp_adam",
                uuid: 089987c6-f09e-4902-be93-7f9b940e4de8,
            },
            NamedIdGeneric {
                name: "danstern",
                uuid: 39ac14a0-5a49-42e6-8b84-3c0300b31d46,
            },
            NamedIdGeneric {
                name: "Timewarps_1",
                uuid: 8cff080b-588f-406f-84da-2a4a470da181,
            },
            NamedIdGeneric {
                name: "Janoschplayz",
                uuid: 47c2dbfd-436e-4cc4-afdb-8247de16922e,
            },
            NamedIdGeneric {
                name: "JAM3SPLAYZyt",
                uuid: 54803df6-9483-414a-be2e-208b1b6d3b3a,
            },
            NamedIdGeneric {
                name: "george0903l",
                uuid: b60123fb-f972-4726-bcb1-c8290349bf91,
            },
            NamedIdGeneric {
                name: "MilanCLS",
                uuid: c942ed85-04c2-4e5c-871a-384174abfe62,
            },
            NamedIdGeneric {
                name: "jacobsethan134",
                uuid: b999e967-761d-47cd-a23d-ea5ef8b08faa,
            },
            NamedIdGeneric {
                name: "supersmashely514",
                uuid: 0d5c6a72-eb3a-46a1-9202-f0ef1a11694e,
            },
            NamedIdGeneric {
                name: "jasperk24",
                uuid: 3af39157-7cc3-49ee-b68c-8e1a843c7186,
            },
            NamedIdGeneric {
                name: "craig1",
                uuid: 62668f68-3687-438e-bbb2-2d261e5516d8,
            },
            NamedIdGeneric {
                name: "GameOfMax",
                uuid: 2fbf0532-5a78-4da2-a070-dc6241b1d9ba,
            },
            NamedIdGeneric {
                name: "whooooooopp",
                uuid: cab8f12a-9b9c-47f4-9c68-0946b6016092,
            },
            NamedIdGeneric {
                name: "PusheenADONGGLE",
                uuid: 187bb0d2-02b6-400c-9bc3-ca2e8eac67b8,
            },
            NamedIdGeneric {
                name: "BigPlayer1973",
                uuid: ea1e3f1b-1669-4436-8adf-607c4bc999b8,
            },
            NamedIdGeneric {
                name: "krauklitis",
                uuid: 03d0b92d-c08a-4099-b91d-b0895ed3db91,
            },
            NamedIdGeneric {
                name: "roan_narwhal",
                uuid: 62b604e5-9c11-44f4-b4b7-f81ddf5d3d48,
            },
            NamedIdGeneric {
                name: "Acendd",
                uuid: 5e83b122-30d4-44d3-be97-8265b80fea70,
            },
            NamedIdGeneric {
                name: "MiniSharpness",
                uuid: 83be6b71-df48-450f-a681-d3643997ae22,
            },
            NamedIdGeneric {
                name: "Benjipogee",
                uuid: b0af1a46-bdaf-4681-ac98-809ea13e19b2,
            },
            NamedIdGeneric {
                name: "Kuattrossy",
                uuid: 3308e1b1-d21c-4e13-b69a-33a93e0c1bbe,
            },
            NamedIdGeneric {
                name: "maty2k2",
                uuid: b64dff33-05d8-4515-b641-0695ca6f98bb,
            },
            NamedIdGeneric {
                name: "BehringBeats",
                uuid: 551fc44b-814b-440c-92eb-5c4384636f3c,
            },
            NamedIdGeneric {
                name: "Jago435",
                uuid: 714c3121-6108-4f24-8afa-4e46be074609,
            },
            NamedIdGeneric {
                name: "ndcsamus",
                uuid: 2394c2d2-a081-4d3d-95eb-31e163cb7d53,
            },
            NamedIdGeneric {
                name: "Stretilza2",
                uuid: f9fceef8-5a89-4281-8ce7-a33bdbdbe84d,
            },
            NamedIdGeneric {
                name: "DannyBut3ft",
                uuid: f5bf896f-2b96-461d-b927-f8075e82ba57,
            },
            NamedIdGeneric {
                name: "klaasieboy2000",
                uuid: 32bf177e-51af-4d08-898e-3b5f0968750b,
            },
            NamedIdGeneric {
                name: "jeeonthepeon",
                uuid: 8e9dff99-3fe1-4ad1-8739-b02fbd998ccc,
            },
            NamedIdGeneric {
                name: "kardelis",
                uuid: 7a659f4c-b1af-4d3b-88fb-bb94ec478063,
            },
            NamedIdGeneric {
                name: "B00bior",
                uuid: c28bfe99-6dca-471b-8e9d-febfc5050bce,
            },
            NamedIdGeneric {
                name: "Quwrlx",
                uuid: c8c8e91c-b1c3-467c-9662-53deb712cd1e,
            },
            NamedIdGeneric {
                name: "PurpleMango11",
                uuid: c14e7aab-51ed-4e35-bfbd-d35a8eda2119,
            },
            NamedIdGeneric {
                name: "TKing86",
                uuid: 3d1c188a-b07b-428e-9b63-d9a036303da5,
            },
            NamedIdGeneric {
                name: "ZenOkami",
                uuid: e5caece8-953b-4b4a-8ee6-06bbe17f7f8e,
            },
            NamedIdGeneric {
                name: "Johntibbits",
                uuid: 8367e0ea-d3a4-4712-835d-24da0e9303f7,
            },
            NamedIdGeneric {
                name: "Robotsnake3",
                uuid: 5375b5e6-a15e-4a56-bfcd-0ecadce1a9f9,
            },
            NamedIdGeneric {
                name: "5qac",
                uuid: 5701d166-afde-40db-a103-6f440a068696,
            },
            NamedIdGeneric {
                name: "zMartini_",
                uuid: e8d4a581-113a-418d-beb1-7786164bf4af,
            },
            NamedIdGeneric {
                name: "DrCziCzy",
                uuid: ceab0f28-0c07-42dd-840d-cc2eaacf47f6,
            },
            NamedIdGeneric {
                name: "Harrypot921",
                uuid: b62ba6f6-2bac-4393-a8c4-34d20c37c83c,
            },
            NamedIdGeneric {
                name: "IronChipmunk06",
                uuid: a403e03a-8d28-44f9-9b78-8f35d538f92d,
            },
            NamedIdGeneric {
                name: "Cal4488",
                uuid: 5200178a-29b0-4feb-9ae8-37a3ab8ee9e6,
            },
            NamedIdGeneric {
                name: "GlwSqu1d",
                uuid: d7766400-83f9-4dd5-b6ce-b84775594611,
            },
            NamedIdGeneric {
                name: "Smelly_Jaxson",
                uuid: 77f89ddc-5b10-43da-8d34-1e4f9ee3753d,
            },
            NamedIdGeneric {
                name: "Kilmonger198",
                uuid: c931c985-1e24-44d7-afa0-c1c3aaeb0142,
            },
            NamedIdGeneric {
                name: "HarryTJM",
                uuid: 8b7606d1-e78c-4598-bb8f-03fca6b4cd33,
            },
            NamedIdGeneric {
                name: "bojack_horsman",
                uuid: eb345424-cf2c-4806-861f-552754a2d051,
            },
            NamedIdGeneric {
                name: "Flyster24_",
                uuid: 08bb6631-3241-4b09-a2b4-f587ef25458f,
            },
            NamedIdGeneric {
                name: "SinisterShay",
                uuid: 01b1862a-52b7-4163-b3a4-926edca95498,
            },
            NamedIdGeneric {
                name: "broughdy",
                uuid: c777e3b7-8f27-41b2-a3e4-27a147b1cf9f,
            },
            NamedIdGeneric {
                name: "MTHART",
                uuid: 045460ff-d470-400d-9734-65f865a19cf4,
            },
            NamedIdGeneric {
                name: "covetldx",
                uuid: b0da590c-39cb-4313-b8e8-eef29e619a76,
            },
            NamedIdGeneric {
                name: "TheeINDIE",
                uuid: 0104e8b4-f8f0-4af9-b611-9a51d96d6ede,
            },
            NamedIdGeneric {
                name: "ChesssavyMC",
                uuid: e833da2f-0e24-49af-a418-db5d7bdd7cbe,
            },
            NamedIdGeneric {
                name: "neptune8sun",
                uuid: 5e228b68-bc0b-4177-a401-e3bea9b1d8e7,
            },
            NamedIdGeneric {
                name: "offending_every1",
                uuid: 1825bbfc-50c5-459e-a923-240e06656b95,
            },
            NamedIdGeneric {
                name: "MineBox69",
                uuid: 70c37084-12b9-4877-86b2-c080bea93c88,
            },
            NamedIdGeneric {
                name: "FarofaPlayz",
                uuid: d848bcae-1596-49d6-8c2d-3b6f055f6e40,
            },
            NamedIdGeneric {
                name: "kingongi",
                uuid: 02e6ed65-4d20-46dd-b699-dc7fbb2fa96d,
            },
            NamedIdGeneric {
                name: "Potatotgf",
                uuid: b7560b4b-3dbe-4125-9174-b93244a91c24,
            },
            NamedIdGeneric {
                name: "stettic",
                uuid: b0fca13f-0e6b-402e-b796-04189bd750a2,
            },
            NamedIdGeneric {
                name: "legion_try_126",
                uuid: 57cb3669-1f75-47d5-983e-3c3defa0db57,
            },
            NamedIdGeneric {
                name: "Medborgare",
                uuid: f33f7cd7-e936-477e-bc2a-64679898853f,
            },
            NamedIdGeneric {
                name: "Waterake",
                uuid: 5f8f98a7-2d53-47d8-bd80-177b09a3c67a,
            },
            NamedIdGeneric {
                name: "TotomInc",
                uuid: 619a5f32-6aaa-43ed-815a-1d6362ab585d,
            },
            NamedIdGeneric {
                name: "PDXiZT",
                uuid: 9768488f-b814-4e4b-b566-e89cfdb6ac16,
            },
            NamedIdGeneric {
                name: "Vailianne",
                uuid: 7e8775af-f900-40a3-b907-680ffd235410,
            },
            NamedIdGeneric {
                name: "Congoian",
                uuid: 64d60914-daec-4a74-b82f-74a50842f5db,
            },
            NamedIdGeneric {
                name: "brayngel",
                uuid: 0c6b9fea-4036-4bd4-bd35-aeeaabbcbb3f,
            },
            NamedIdGeneric {
                name: "Leny__",
                uuid: 9fbcd6f9-702c-4f7a-a376-ad325a9c04eb,
            },
            NamedIdGeneric {
                name: "NewYorker9",
                uuid: 74a544ee-cf9f-4546-8197-a5bd723b5fb6,
            },
            NamedIdGeneric {
                name: "PrinceLutharion",
                uuid: 7cf02aa0-444d-46e8-8205-9616d7e62317,
            },
            NamedIdGeneric {
                name: "rainboolin",
                uuid: f2e338c8-f3bf-4701-80c2-5e3129592d35,
            },
            NamedIdGeneric {
                name: "Stronious",
                uuid: 68a87d5d-9847-46a7-9429-c8bda6790336,
            },
            NamedIdGeneric {
                name: "cczc",
                uuid: 4ae5a5a8-43b9-4632-a0d8-d429099955ba,
            },
            NamedIdGeneric {
                name: "Debesis",
                uuid: 217f9dfc-6798-44d8-880f-5d264bcbcfba,
            },
            NamedIdGeneric {
                name: "Superior_D",
                uuid: 98cdf328-e9ec-4b20-be02-a2887f0b95ac,
            },
            NamedIdGeneric {
                name: "TiowoiT",
                uuid: 1619c62c-0198-4139-a204-cd767d4b95c5,
            },
            NamedIdGeneric {
                name: "SevenBeasts5134",
                uuid: 1f68854d-9e27-4233-8859-28d45c64f451,
            },
            NamedIdGeneric {
                name: "quickwsh",
                uuid: 2b167796-1082-4df6-86de-e20289a2bb26,
            },
            NamedIdGeneric {
                name: "Quintus_Aurelius",
                uuid: 029edc1b-234f-4271-a535-51614329efb9,
            },
            NamedIdGeneric {
                name: "BenjiMan2000",
                uuid: f40e0347-e8d5-4506-bf2f-e81899d66e3a,
            },
            NamedIdGeneric {
                name: "archer1122",
                uuid: 8753e710-6b39-4e9f-b6a9-0192c13117c9,
            },
            NamedIdGeneric {
                name: "ScaramoucheTSIC",
                uuid: df7ade5e-a3c0-43f7-95d4-b75105b99107,
            },
            NamedIdGeneric {
                name: "wutugotjuju",
                uuid: fbe6c008-39d6-4ab4-97c5-c83cde373e0a,
            },
            NamedIdGeneric {
                name: "AustrisB",
                uuid: 59b40940-d29c-4f79-a755-74fcce089cae,
            },
            NamedIdGeneric {
                name: "Labarbichette_",
                uuid: a7f00bec-a888-4e75-9a7b-d77797521460,
            },
            NamedIdGeneric {
                name: "ItzHousane",
                uuid: 658d5c8a-bf31-4279-9461-4acdf2f77ff4,
            },
            NamedIdGeneric {
                name: "NizeGuyBenj1",
                uuid: 2e1f8ed0-f0ed-4032-92e0-9c846119d179,
            },
            NamedIdGeneric {
                name: "Endipod",
                uuid: 28bd98e2-c91f-454a-a5cf-c8a18f4ca179,
            },
            NamedIdGeneric {
                name: "QueerDuck",
                uuid: 5e3406d9-aa48-45e9-8672-10433f7b8715,
            },
            NamedIdGeneric {
                name: "huckleberry7",
                uuid: acc1049d-9f1c-4921-90fd-401a7d6a2ec1,
            },
            NamedIdGeneric {
                name: "svlb",
                uuid: 1f332b70-7680-4301-a830-f015f6b6ca49,
            },
            NamedIdGeneric {
                name: "didiyapcho",
                uuid: cb7f3b7b-8c78-4c8a-8770-f26f983ecea2,
            },
            NamedIdGeneric {
                name: "trakucunebi",
                uuid: 8e4a2f0a-c1f2-4f43-b6f7-b71bb422f355,
            },
            NamedIdGeneric {
                name: "BaBaBooey__",
                uuid: 816f7dc9-7d14-423a-808c-3183920a4c66,
            },
            NamedIdGeneric {
                name: "Grizzxuu",
                uuid: 35656af5-d80d-4a7a-9196-be74aaaedb32,
            },
            NamedIdGeneric {
                name: "0atmilklatte",
                uuid: f4ae059e-e3a6-4616-9817-e51fbb5be390,
            },
            NamedIdGeneric {
                name: "swordghost1097",
                uuid: 0c38106d-5346-4d56-8645-48c3a697687d,
            },
            NamedIdGeneric {
                name: "Noggen_promp",
                uuid: 533f0b5d-2fff-4747-8197-08c726f3039e,
            },
            NamedIdGeneric {
                name: "ViperPlayz_",
                uuid: afddfc34-6d85-4e6e-b1d5-6835791ef621,
            },
            NamedIdGeneric {
                name: "dargox59x",
                uuid: f2a7773c-91ee-4fff-8e0a-2d467a09a365,
            },
            NamedIdGeneric {
                name: "MrWhoman246",
                uuid: 327fe8ff-6c07-4831-b45b-833999c581a5,
            },
            NamedIdGeneric {
                name: "Borsiooo",
                uuid: a541f29a-5f35-49b0-b391-f17fba924099,
            },
            NamedIdGeneric {
                name: "NotDanielSp",
                uuid: fded5a65-24bf-476e-81e3-214e614071ac,
            },
            NamedIdGeneric {
                name: "Tnce",
                uuid: 1c717deb-daf9-499c-9d35-e862ff1a9406,
            },
            NamedIdGeneric {
                name: "Mr_Sonic44",
                uuid: 72d04912-e4ca-4a8c-8884-fdc0ed24a272,
            },
            NamedIdGeneric {
                name: "Ofctoni",
                uuid: 0881ac5b-fd29-4c9f-b84a-d35d0b019224,
            },
            NamedIdGeneric {
                name: "cyborrg",
                uuid: 9a35a557-3a7e-45c9-92bf-cb53ef297b1a,
            },
            NamedIdGeneric {
                name: "itsjustadinn",
                uuid: 0532359c-2756-4e2c-aa41-8bfc7e710f7c,
            },
            NamedIdGeneric {
                name: "clearwashere",
                uuid: 6312b115-d0f3-49ad-8c01-5bd614416ca9,
            },
            NamedIdGeneric {
                name: "Flossboi",
                uuid: 1fce563c-cbef-4027-80f5-4cd321155ccd,
            },
            NamedIdGeneric {
                name: "Aquato_Fire",
                uuid: ce6aed12-b6d2-4de5-8aa4-e1837dcd8dc0,
            },
            NamedIdGeneric {
                name: "Danyal0915",
                uuid: a21975be-fbbd-4993-8256-e105a7ee6995,
            },
            NamedIdGeneric {
                name: "Quack_Napper",
                uuid: 92fe11da-6a63-47c7-b1bd-44ccb80eac5f,
            },
            NamedIdGeneric {
                name: "Tekudo",
                uuid: 43ddc02a-2d25-4d6b-b31e-8b8234ca2386,
            },
            NamedIdGeneric {
                name: "Phoenixbs",
                uuid: c2dd14b6-c20f-4943-a625-16924dba73f3,
            },
            NamedIdGeneric {
                name: "MitchellMeyer",
                uuid: e4050510-847f-4826-b75e-19ba5df2b69c,
            },
            NamedIdGeneric {
                name: "Belliz5254",
                uuid: 5e1b66cd-beed-4670-80cd-25f4e97cbee5,
            },
            NamedIdGeneric {
                name: "JJthealmighty",
                uuid: 304544ba-14bd-4400-94e7-858717933f52,
            },
            NamedIdGeneric {
                name: "themonkeforeal",
                uuid: b3c71bed-2378-4ebb-905f-430d64fcc542,
            },
            NamedIdGeneric {
                name: "ZOOBIZE",
                uuid: 384f478d-a91f-46d0-aecd-0b5e571d8dcd,
            },
            NamedIdGeneric {
                name: "LetBlueCook",
                uuid: 6729f0a8-99d7-4f31-bd42-d66342518b0c,
            },
            NamedIdGeneric {
                name: "Zolarbre",
                uuid: 5be21d74-b250-4273-b2f4-2cd2a898495a,
            },
            NamedIdGeneric {
                name: "mysst1c_",
                uuid: 9b7f4efc-4004-4034-98d2-478f95aae21e,
            },
            NamedIdGeneric {
                name: "kQ12",
                uuid: 7cc3bf54-641b-4007-b586-2cdf81df79df,
            },
            NamedIdGeneric {
                name: "ZaabyWabby",
                uuid: ae74db6a-1dfb-4030-b2a7-797ddad8d47b,
            },
            NamedIdGeneric {
                name: "ssza_",
                uuid: fafa2ce5-e195-4836-ac66-d104e27f47a0,
            },
            NamedIdGeneric {
                name: "LightningBlader",
                uuid: 07a90952-1e53-4f03-a4a6-e9590a30d532,
            },
            NamedIdGeneric {
                name: "whissr",
                uuid: d94ca7cd-62cd-44f8-8f50-db67a781fa9b,
            },
            NamedIdGeneric {
                name: "4dannyel",
                uuid: 91bb8404-4da3-4958-9eab-826c623fa104,
            },
            NamedIdGeneric {
                name: "Flexalicious69",
                uuid: 1b98dae2-6b82-40fc-88d0-d21c103d94ef,
            },
            NamedIdGeneric {
                name: "EmmaBaBemma",
                uuid: 0c9d5409-73c4-4fc2-8fa9-f4fa7a5321c4,
            },
            NamedIdGeneric {
                name: "onions87",
                uuid: e5a964f4-2998-49df-b1df-2282abc3fc31,
            },
            NamedIdGeneric {
                name: "C17RUS",
                uuid: 28c613fc-dfaf-43a8-bf7a-a98a5067c5ed,
            },
            NamedIdGeneric {
                name: "Spitfire_MK1",
                uuid: aba40534-a6dc-4ae0-8b14-d8d68342f51a,
            },
            NamedIdGeneric {
                name: "boobooben621",
                uuid: 2af71f14-e74e-4c76-9f72-72ca51154862,
            },
            NamedIdGeneric {
                name: "TheeCybertruck",
                uuid: 1e5391f6-48dc-480c-93dd-e3c4ebbc3998,
            },
            NamedIdGeneric {
                name: "TheMagmaKiller",
                uuid: f538120a-b73c-4b82-96e5-cfead36ae09d,
            },
            NamedIdGeneric {
                name: "uhh_sen",
                uuid: a72ef662-4d85-425e-b98f-845dae63e056,
            },
            NamedIdGeneric {
                name: "hunterlarryb0b",
                uuid: cbd7a78a-df07-46be-8449-c2026185146b,
            },
            NamedIdGeneric {
                name: "LizLiz_",
                uuid: f754a452-679c-4043-a72d-b72f02fd5a58,
            },
            NamedIdGeneric {
                name: "noetosoyuz",
                uuid: 1fa88359-d379-4e62-8c72-bd819dacc792,
            },
            NamedIdGeneric {
                name: "ThatBoyJrny",
                uuid: 61bb8e4d-6c92-4b77-8247-7abd2675485b,
            },
            NamedIdGeneric {
                name: "blablaandy005",
                uuid: 30f91dc8-008d-488a-b876-da02c181d2bc,
            },
            NamedIdGeneric {
                name: "c_ony",
                uuid: d692fa38-bab6-4726-836f-ab4c33a43f64,
            },
            NamedIdGeneric {
                name: "Lavareq",
                uuid: bb9991fd-0ff1-48df-af7e-ee035f7a0466,
            },
            NamedIdGeneric {
                name: "snowy1220",
                uuid: 2575b568-c436-4a03-99f5-4bace246dc02,
            },
            NamedIdGeneric {
                name: "The_KingOfGamers",
                uuid: 0b609e79-8852-46e9-bcd2-4204f7f6d44f,
            },
            NamedIdGeneric {
                name: "TurtleGranddad",
                uuid: 342c9929-8222-4eec-8999-db065ce6c26d,
            },
            NamedIdGeneric {
                name: "Marie_Loupe",
                uuid: dd0c1f08-e551-4ead-bbf6-f7993e63ef54,
            },
            NamedIdGeneric {
                name: "Nerfic",
                uuid: 02fcbe64-450a-487b-94aa-a2acb81fc610,
            },
            NamedIdGeneric {
                name: "YuP2",
                uuid: 55ee155c-4cf6-497f-b2ca-11425c7e6fc2,
            },
            NamedIdGeneric {
                name: "MajorX848",
                uuid: e9312d44-b60a-41d0-8afe-98d2fedf0773,
            },
            NamedIdGeneric {
                name: "shanks058",
                uuid: 3f400ec5-7075-43a3-b9cb-43b25d27c3fb,
            },
            NamedIdGeneric {
                name: "Liberthia",
                uuid: fdb6ad88-d1e5-4e00-a412-640a54c86868,
            },
            NamedIdGeneric {
                name: "Naibo01",
                uuid: 2281e5d0-f4fc-472d-91a2-e9e63d2eb634,
            },
            NamedIdGeneric {
                name: "JanYossu",
                uuid: 0b049cd8-2973-4d98-953b-71d8f05737ca,
            },
            NamedIdGeneric {
                name: "Charlotteee1",
                uuid: a02e59ab-128d-42ef-a6c7-3fd19e7308a1,
            },
            NamedIdGeneric {
                name: "HELLSI_PvP",
                uuid: 1c4ba007-b481-4334-8613-a3b609bb4004,
            },
            NamedIdGeneric {
                name: "KirillPlayz",
                uuid: eda71689-d0ed-4d1a-a7ec-e327340855d1,
            },
            NamedIdGeneric {
                name: "GrimVolcanoo",
                uuid: 797179cc-51e8-4b9f-8f20-83c79a2255fc,
            },
            NamedIdGeneric {
                name: "SweepingJarl923",
                uuid: d28ed140-ac29-4b05-a2a9-3df3f5a7f00a,
            },
            NamedIdGeneric {
                name: "Scapularmist",
                uuid: fde7c54a-9ce0-4f00-a4c5-021811dec053,
            },
            NamedIdGeneric {
                name: "MIchaelJay23",
                uuid: eca7fc3a-25c2-42f2-a7d0-84056008e50d,
            },
            NamedIdGeneric {
                name: "Krypto_warrior",
                uuid: 970907e6-22c7-4892-bd1a-0b19c74039b0,
            },
            NamedIdGeneric {
                name: "WETSOCKS91",
                uuid: 9708bd67-5d6e-4afd-ad88-c6532c778140,
            },
            NamedIdGeneric {
                name: "LanderSkywalker5",
                uuid: 434c0cd4-69c9-4d91-8875-e8de1faa1f50,
            },
            NamedIdGeneric {
                name: "Spirit1Knight",
                uuid: 16982772-af82-4088-a3a3-3d2a7296abfc,
            },
            NamedIdGeneric {
                name: "Observer001",
                uuid: bf0bcfa0-ecb4-4294-a49f-32cc0f8f7fcd,
            },
            NamedIdGeneric {
                name: "ProGamer1518",
                uuid: 07c702c5-831c-4181-8b0d-ff4bcf3f40eb,
            },
            NamedIdGeneric {
                name: "Smoky_Mountain",
                uuid: c021603b-7df2-40f5-b356-71e70f6f19bb,
            },
            NamedIdGeneric {
                name: "ivadninaz",
                uuid: c2a4651e-6eeb-4ec9-9c27-afedd12b5fcb,
            },
            NamedIdGeneric {
                name: "Stinkybear50",
                uuid: 29683bb4-3a68-42b9-a090-86c7eb0d82b4,
            },
            NamedIdGeneric {
                name: "PartyPcFly",
                uuid: a91a441f-1a37-4121-b7f7-4a0940c894b2,
            },
            NamedIdGeneric {
                name: "Kaira0106",
                uuid: 75c96b59-142d-4b52-bfca-0a7d4bf0ae8b,
            },
            NamedIdGeneric {
                name: "Ralph_Mine_6",
                uuid: 124bdff2-05e8-4487-95c4-eee3637e8a84,
            },
            NamedIdGeneric {
                name: "milkylucc",
                uuid: 697a6d25-bde8-4d57-a2c2-76bb06eab99f,
            },
            NamedIdGeneric {
                name: "neozova893",
                uuid: da993d41-c233-43f6-a09d-7d8ec9f186f6,
            },
            NamedIdGeneric {
                name: "flexiepc",
                uuid: c4a5fc19-9b76-4d97-b4b3-caab41a6bcdb,
            },
            NamedIdGeneric {
                name: "prw5yellow",
                uuid: 2c416722-b2db-4d28-b494-7cc6f7c7d745,
            },
        ],
        towns: [
            NamedIdGeneric {
                name: "Savoie",
                uuid: 4b361095-d8cf-41a9-9e2b-b24693047e87,
            },
            NamedIdGeneric {
                name: "La_Marche",
                uuid: 8b546e60-4b94-4441-9ce6-59a0a51faa0f,
            },
            NamedIdGeneric {
                name: "1984",
                uuid: 83e3eed4-e471-4c8a-9487-8fc10ce6e588,
            },
            NamedIdGeneric {
                name: "Montpellier",
                uuid: 1f67d9de-5cab-4683-b5d1-85d05d666b62,
            },
            NamedIdGeneric {
                name: "Oasis",
                uuid: 36227961-3b73-4c21-815a-a3609e90dba8,
            },
            NamedIdGeneric {
                name: "Brittany",
                uuid: dc5053b0-efb4-4ec9-a62f-0dace20e7b4e,
            },
            NamedIdGeneric {
                name: "Bilbao",
                uuid: de51ddeb-69bc-4348-9f53-d31de5954927,
            },
            NamedIdGeneric {
                name: "Orleans",
                uuid: 1e9584ec-d989-426c-b4ee-9e5cb97923ef,
            },
            NamedIdGeneric {
                name: "Maastricht",
                uuid: ce629d34-0448-4474-9850-0109ad94bceb,
            },
            NamedIdGeneric {
                name: "Marseille",
                uuid: 4c7fe0ab-6794-4c9c-ac07-0b5f73033d37,
            },
            NamedIdGeneric {
                name: "Amiens",
                uuid: 877e02b0-1a5c-4515-97d3-fa8e260a4460,
            },
            NamedIdGeneric {
                name: "Konoha",
                uuid: 0bc8f500-3365-495b-83a6-303d7c608b24,
            },
            NamedIdGeneric {
                name: "Avignon",
                uuid: d37725c0-4d61-4f95-b7c3-6fab2d7640db,
            },
            NamedIdGeneric {
                name: "Vichy",
                uuid: 6d82522c-0c0a-4c4f-b275-3ff3a9c6b6ff,
            },
            NamedIdGeneric {
                name: "Aix",
                uuid: 65d52d92-59ec-4600-b3ec-3d73f08edd1f,
            },
            NamedIdGeneric {
                name: "Royan",
                uuid: dae22079-4ea2-44d3-b0dd-7fd168796b90,
            },
            NamedIdGeneric {
                name: "City_17",
                uuid: 2b85c856-4175-4f79-a6e2-3a7363e225a5,
            },
            NamedIdGeneric {
                name: "Bordeaux",
                uuid: 15adadc5-42ae-4bac-9aba-68a6bbbecaa8,
            },
            NamedIdGeneric {
                name: "Nantes",
                uuid: 3b24aa7c-6e36-4389-a94c-8a239f8c1f65,
            },
            NamedIdGeneric {
                name: "Tournon",
                uuid: 647c5c19-6289-4bee-b626-fa630c66bd0f,
            },
            NamedIdGeneric {
                name: "Berriane",
                uuid: 1a4a55da-9ba9-46e8-8054-5b5b902f943e,
            },
            NamedIdGeneric {
                name: "Paris",
                uuid: d6a45111-f95b-4ac2-ba52-07e8e449a622,
            },
        ],
        allies: [
            NamedIdGeneric {
                name: "Netherlands",
                uuid: 7c41917b-e732-42e1-92fa-a30f728a94a2,
            },
            NamedIdGeneric {
                name: "United_Kingdom",
                uuid: 3a6afd0f-e455-4f3b-a112-5798c9e304c0,
            },
            NamedIdGeneric {
                name: "Germany",
                uuid: d7833c7a-2fe6-4f26-9120-00e0759c555f,
            },
            NamedIdGeneric {
                name: "Greece",
                uuid: 8f0d8267-0cdf-4db3-9b69-42e6750e4114,
            },
            NamedIdGeneric {
                name: "California",
                uuid: 71970e7a-4ae7-4bb2-9981-1e09eafbb4c7,
            },
            NamedIdGeneric {
                name: "America",
                uuid: cb0833f5-416a-4e6c-a71e-483bb5b4886f,
            },
            NamedIdGeneric {
                name: "Genoa",
                uuid: 4ca39e18-93c7-454e-b4e9-2d0d36314faa,
            },
            NamedIdGeneric {
                name: "Monaco",
                uuid: 811a53de-8e44-4fea-a5aa-3472d2ddb8f0,
            },
        ],
        enemies: [
            NamedIdGeneric {
                name: "Savoie",
                uuid: c4306e4b-aa2a-4906-a9ed-333643759849,
            },
            NamedIdGeneric {
                name: "Brazil",
                uuid: 41c23d7d-d520-4661-85ea-f8332ddc8c37,
            },
        ],
        sanctioned: [
            NamedIdGeneric {
                name: "San_Jose",
                uuid: d586450d-c385-4a6b-b36e-b9700125839b,
            },
            NamedIdGeneric {
                name: "NightCity",
                uuid: 70165abf-ad26-463b-ab8d-f365e4d90db0,
            },
        ],
        ranks: {
            Chancellor: [
                NamedIdGeneric {
                    name: "Tamar__",
                    uuid: 32add24b-39a6-4586-a7de-0031f764919e,
                },
                NamedIdGeneric {
                    name: "TiowoiT",
                    uuid: 1619c62c-0198-4139-a204-cd767d4b95c5,
                },
            ],
            Colonist: [],
            Diplomat: [],
        },
    },
    Nation {
        name: "Germany",
        uuid: d7833c7a-2fe6-4f26-9120-00e0759c555f,
        board: Some(
            "Allergic To The Dutch!",
        ),
        dynmap_colour: "0000FF",
        dynmap_outline: "0000FF",
        wiki: None,
        leader: NamedIdGeneric {
            name: "Veyronity",
            uuid: 5b8274bf-b162-4336-85a0-48f9d5380a78,
        },
        capital: NamedIdGeneric {
            name: "Berlin",
            uuid: 82a1ecc6-d40c-4ee4-9bff-5b4acecb4e63,
        },
        timestamps: NationTimestamps {
            registered: 1651470018638,
        },
        status: NationStatus {
            is_public: true,
            is_open: true,
            is_neutral: false,
        },
        stats: NationStats {
            num_town_blocks: 2299,
            num_residents: 159,
            num_towns: 18,
            num_allies: 9,
            num_enemies: 1,
            balance: 2.0,
        },
        coordinates: NationCoordinates {
            spawn: WorldLocation {
                world: "earth",
                x: 2421.2158,
                y: 73.0,
                z: -9727.833,
                pitch: 10.010389,
                yaw: 91.84751,
            },
        },
        residents: [
            NamedIdGeneric {
                name: "XCraftYTLinc",
                uuid: cb7b1ed4-eee1-4525-9710-a849b5917c01,
            },
            NamedIdGeneric {
                name: "LordAmazing987",
                uuid: 6a2c24ba-7032-4872-82b8-933f9b833d85,
            },
            NamedIdGeneric {
                name: "stellasmh",
                uuid: 0786b7bf-201c-45f6-aca0-8c259ba73af4,
            },
            NamedIdGeneric {
                name: "mr0weenie",
                uuid: 56dfb45a-458b-4aae-988c-e846c9d114b8,
            },
            NamedIdGeneric {
                name: "KennyCraig",
                uuid: e8d132ad-94bc-4171-aae5-b15fe3e6bb4e,
            },
            NamedIdGeneric {
                name: "MaxSlayyy",
                uuid: 046c0a08-cae2-4efb-92f6-a59e08ea2245,
            },
            NamedIdGeneric {
                name: "SlLVlA",
                uuid: 82b42605-4480-4404-9715-17fb38189079,
            },
            NamedIdGeneric {
                name: "VelrybaSergej",
                uuid: 2fce4f45-3bc2-47ee-a6ee-f1afe50594a8,
            },
            NamedIdGeneric {
                name: "LandonHM",
                uuid: 8720c034-f10d-4478-a28a-486fa48bbf0f,
            },
            NamedIdGeneric {
                name: "F_Syringa",
                uuid: 58adee1b-5694-4e3f-be50-f1993b0286f8,
            },
            NamedIdGeneric {
                name: "oblio22",
                uuid: 8329eb7b-1032-4b2b-9eb2-66cfe64a0f79,
            },
            NamedIdGeneric {
                name: "Olskie2005",
                uuid: 5a0f63a5-3c84-4f34-a9ec-8154c7eb3c3d,
            },
            NamedIdGeneric {
                name: "Vali",
                uuid: 57714804-3b71-45e1-94d2-e16cc146c622,
            },
            NamedIdGeneric {
                name: "TecnobladeXD",
                uuid: ba0049e5-fd91-4077-aa6d-5d8b87bd484c,
            },
            NamedIdGeneric {
                name: "kdbisgoat",
                uuid: b7e8af62-a7a4-4b71-89fb-80bd9d8e791d,
            },
            NamedIdGeneric {
                name: "ZaneDaGamer",
                uuid: 355b4dd6-670e-4167-b9fd-a206375c6c31,
            },
            NamedIdGeneric {
                name: "skrtyyk_",
                uuid: 6fe54946-5848-44d7-8408-059624d0659b,
            },
            NamedIdGeneric {
                name: "iLikekittie",
                uuid: 296b4dde-873c-4d8f-a11c-b70e0ff93113,
            },
            NamedIdGeneric {
                name: "shaneL1229",
                uuid: bfac3b26-0eca-4856-9e12-35d7bcce6aa6,
            },
            NamedIdGeneric {
                name: "Netopcz",
                uuid: 508055e3-17af-4aa2-a099-f0ff9d645ccb,
            },
            NamedIdGeneric {
                name: "Hamanium",
                uuid: d85c0a73-1b80-4d78-b722-e1fbf0a23e77,
            },
            NamedIdGeneric {
                name: "DracoWanderer",
                uuid: 97d79e1b-e831-43b3-a49c-84b769996b2c,
            },
            NamedIdGeneric {
                name: "vixcvs",
                uuid: 2915c97c-0400-4e96-a72c-e840adc146fd,
            },
            NamedIdGeneric {
                name: "TRYMEBREV",
                uuid: 5913853f-9274-4d6b-a7dd-c2711ff97ed9,
            },
            NamedIdGeneric {
                name: "NoxiPro13",
                uuid: 4fe35d7d-c490-49a4-9191-7a27d474e5ef,
            },
            NamedIdGeneric {
                name: "m0rdue",
                uuid: 5de0316b-30c8-488c-8d39-d786ef043e6c,
            },
            NamedIdGeneric {
                name: "AntyGamer",
                uuid: ff1058ef-a959-4271-a99f-e9bfc84c1046,
            },
            NamedIdGeneric {
                name: "MadKnightSteve",
                uuid: 7246f27d-ab79-43ac-931f-df7e6bef7e7e,
            },
            NamedIdGeneric {
                name: "Rybak1",
                uuid: 86af3c03-1f95-4c9a-af55-692ccab98c97,
            },
            NamedIdGeneric {
                name: "LuigiKayak",
                uuid: 440d5a56-81b7-4e45-bf36-b9f63783e04a,
            },
            NamedIdGeneric {
                name: "StElishapray4us",
                uuid: 04cd995b-8ad3-4413-bbd7-9f3ecf7e03d7,
            },
            NamedIdGeneric {
                name: "Blutifull_YT",
                uuid: f2645080-091b-4d2b-a003-f437952ecc86,
            },
            NamedIdGeneric {
                name: "S1rBraft",
                uuid: 10edf0fc-835e-49ca-ae76-bc9d6b9d13ea,
            },
            NamedIdGeneric {
                name: "theyluvttb",
                uuid: a8cc7947-c9ab-44ac-a9ea-45e944c7f725,
            },
            NamedIdGeneric {
                name: "eiscoollikedat",
                uuid: ae5dea73-f700-4093-b4bd-7c91e8f5c5a7,
            },
            NamedIdGeneric {
                name: "mrsus___",
                uuid: d6a4205a-2ca6-4cdc-90c6-ab335cc102dc,
            },
            NamedIdGeneric {
                name: "ata4848",
                uuid: 8776375d-9ce8-49e8-9c99-066c93640b17,
            },
            NamedIdGeneric {
                name: "aburgergod",
                uuid: f6df75c5-ae92-4263-80a6-ddfcfa9f7e53,
            },
            NamedIdGeneric {
                name: "lxwi",
                uuid: eb5eebcd-6749-4014-acc6-e657ed3bde6c,
            },
            NamedIdGeneric {
                name: "meultrasteve",
                uuid: 8755d5af-e22b-4cf0-8e2e-6632f2b3e088,
            },
            NamedIdGeneric {
                name: "GametimeUP2",
                uuid: d4fc5bb8-354b-43ea-a01e-941914ae9aa9,
            },
            NamedIdGeneric {
                name: "TennesseeNado",
                uuid: 85222c77-3bd6-40e4-83f9-c3aa5aa70ed5,
            },
            NamedIdGeneric {
                name: "Jeppsterr_",
                uuid: 83a0853c-e70b-4d51-b086-5feccb722a4d,
            },
            NamedIdGeneric {
                name: "FloapyZ",
                uuid: 62f86824-200d-4f4a-ad7c-cc87740b2d59,
            },
            NamedIdGeneric {
                name: "_FishyChip_",
                uuid: 01837ff9-889f-4568-bd34-5b7316b876d5,
            },
            NamedIdGeneric {
                name: "NotNixt_YT",
                uuid: 341f9f82-0550-41b9-b558-4df76bd00e21,
            },
            NamedIdGeneric {
                name: "kebabman15",
                uuid: fd790260-1008-4241-8df6-2ad3fbbfd91c,
            },
            NamedIdGeneric {
                name: "Lumien_",
                uuid: b76d9dd1-a747-463b-8c42-54140940818b,
            },
            NamedIdGeneric {
                name: "W4RD4DDY",
                uuid: f33706d5-3d00-482d-b54c-4dc5da0e9b34,
            },
            NamedIdGeneric {
                name: "Skipper1916",
                uuid: 3ce3d5e3-02f8-498a-af38-cabec62ae89a,
            },
            NamedIdGeneric {
                name: "Bantu_Cuzz",
                uuid: bc08b495-6fd2-4c5b-8070-57d27435b763,
            },
            NamedIdGeneric {
                name: "Reidelas013",
                uuid: f6dae0ae-fec1-40b7-b905-65778a94496d,
            },
            NamedIdGeneric {
                name: "silver7100",
                uuid: 578e1d17-c96b-42c9-8c1d-c6b6b55900b3,
            },
            NamedIdGeneric {
                name: "Warmfuzzyfeels",
                uuid: 8a3fd753-c3f6-4541-9166-f696ec8a507b,
            },
            NamedIdGeneric {
                name: "Breeze_14",
                uuid: 4dcdd013-b2e4-4bd0-81b4-ea39a5c9fd5b,
            },
            NamedIdGeneric {
                name: "chunkRAT",
                uuid: dbfcf91f-4eff-4d6d-9231-086a953b8ca6,
            },
            NamedIdGeneric {
                name: "malikayazs",
                uuid: 064e57d3-e43a-477c-b7d3-d83517b59f17,
            },
            NamedIdGeneric {
                name: "Bleerowe",
                uuid: 1afd0966-f56a-4eda-81a5-c2d0f302469f,
            },
            NamedIdGeneric {
                name: "KebboStar",
                uuid: 597e836f-3c27-41e0-8b34-d2a74875f640,
            },
            NamedIdGeneric {
                name: "PolishPoppy",
                uuid: 8fe7439f-4317-411f-bdc2-8cd66f89388f,
            },
            NamedIdGeneric {
                name: "OSG33",
                uuid: fe059ee3-be49-4a48-bfb4-9a129ac568ab,
            },
            NamedIdGeneric {
                name: "rect6",
                uuid: a8bec091-2fea-4092-9c3c-f9671e03a333,
            },
            NamedIdGeneric {
                name: "__saff",
                uuid: 2de6f0fb-de41-43b9-9182-1fb60ade28ba,
            },
            NamedIdGeneric {
                name: "HansZipfel",
                uuid: 4c08ef40-b1d5-4491-b5bf-e6a6075a7c20,
            },
            NamedIdGeneric {
                name: "PyroAlBlaze",
                uuid: a615fefd-fed9-4d23-9347-7190a604effe,
            },
            NamedIdGeneric {
                name: "HaloToad212",
                uuid: 10d961c4-2f6b-4a11-9362-076148c47d79,
            },
            NamedIdGeneric {
                name: "MasterMooshroom",
                uuid: 446b0993-9860-4c93-9bc2-20aa0babee58,
            },
            NamedIdGeneric {
                name: "FigureYTMC",
                uuid: 391178c7-d206-4127-a608-cc2b555d1170,
            },
            NamedIdGeneric {
                name: "WalkingJam98752",
                uuid: 7d3a927b-7e15-4a8a-981b-b374fa0ec548,
            },
            NamedIdGeneric {
                name: "sm00th_as_eggs",
                uuid: 7ac67abb-2d86-4889-92e5-3e746bc25c62,
            },
            NamedIdGeneric {
                name: "LionHannover",
                uuid: eab6a2bf-34af-4689-8350-e3256c400de8,
            },
            NamedIdGeneric {
                name: "Taktikplayz",
                uuid: 1016a884-8055-4570-9984-65423574c682,
            },
            NamedIdGeneric {
                name: "douA123",
                uuid: 36ce927d-47ca-4699-b6aa-740d32b62e8e,
            },
            NamedIdGeneric {
                name: "kingfox80",
                uuid: 6c0cb7cb-35f9-4f27-823d-899d12964151,
            },
            NamedIdGeneric {
                name: "GreenFlower1234",
                uuid: 36dc82c9-49a7-40f7-995c-dfe022f7bc25,
            },
            NamedIdGeneric {
                name: "Tjagmn",
                uuid: 34406a98-9823-49de-9ba4-13542bc0ea91,
            },
            NamedIdGeneric {
                name: "Edwordo",
                uuid: 460b5a6f-be7f-4b13-ab2e-39a4386448c6,
            },
            NamedIdGeneric {
                name: "arian3299",
                uuid: c1caa2af-621b-41aa-990e-b4bea948bf92,
            },
            NamedIdGeneric {
                name: "ChiroTheBat69",
                uuid: e357d74e-c83d-4c21-9e67-a5076015e924,
            },
            NamedIdGeneric {
                name: "Pug_Lord_Rules",
                uuid: 515e6e94-1450-463f-ae89-3b17bc9a3949,
            },
            NamedIdGeneric {
                name: "BreadFRFR",
                uuid: 877b4c32-3d4d-4124-bb69-2f202b5b1fe8,
            },
            NamedIdGeneric {
                name: "luktexd",
                uuid: 2e3e711f-2d64-4370-9b3d-bc50a8b931e6,
            },
            NamedIdGeneric {
                name: "Cygonas",
                uuid: 12684137-8fa0-4254-a881-eb96c9decfdd,
            },
            NamedIdGeneric {
                name: "Doubledz0",
                uuid: ff8a31e5-17b8-4b94-8d06-84d42b5f2387,
            },
            NamedIdGeneric {
                name: "TheTheorist101",
                uuid: 96e2a43d-fd57-41cf-8617-8eeb68a699cd,
            },
            NamedIdGeneric {
                name: "AxolotlGamerGirl",
                uuid: eac251b4-6811-48a8-a112-d38a1fdf03f4,
            },
            NamedIdGeneric {
                name: "MyMainIsBanned",
                uuid: 73d86b32-23a0-4114-b7e5-5ae8c2e3e3bd,
            },
            NamedIdGeneric {
                name: "Pompomyam",
                uuid: df287ed5-5564-4134-a44d-544cc0c4553c,
            },
            NamedIdGeneric {
                name: "BigDoge_YT",
                uuid: 08e7c483-f9bd-4412-a93c-1bd5d3a4a13f,
            },
            NamedIdGeneric {
                name: "StickyBrain64",
                uuid: 99f40b3f-0792-4394-8d98-5ff1fae7b7a8,
            },
            NamedIdGeneric {
                name: "TheReal_CJ781",
                uuid: 42fa24bf-a15a-4d19-9c05-2c18ed7a8798,
            },
            NamedIdGeneric {
                name: "ArceusSensei",
                uuid: d0a83c21-1faa-4876-afd7-6c89c813bfb9,
            },
            NamedIdGeneric {
                name: "cinn_a",
                uuid: b5455651-a01d-4223-a476-43052bbe91ce,
            },
            NamedIdGeneric {
                name: "BenjiBeatss",
                uuid: bf250213-80a8-43f1-bd99-e9a9fd8aff09,
            },
            NamedIdGeneric {
                name: "BIGANTHONY1017",
                uuid: a99bcacf-4f7a-45c0-94b0-0b4a8ac310f9,
            },
            NamedIdGeneric {
                name: "swankdaddy420",
                uuid: 12113667-2157-45cc-ac97-baeb4b04618e,
            },
            NamedIdGeneric {
                name: "Duxho",
                uuid: 084968c3-3ef3-4a01-b571-c8c24f6e1055,
            },
            NamedIdGeneric {
                name: "Castervile",
                uuid: f6abfb9c-a01e-4e93-ac31-c210ec11ab14,
            },
            NamedIdGeneric {
                name: "Sherif_0200",
                uuid: 45031497-69df-47cc-8765-a5fa4e0c68a6,
            },
            NamedIdGeneric {
                name: "Honored_Totti",
                uuid: 1efb6753-1a4e-475d-862a-4b640eefbc40,
            },
            NamedIdGeneric {
                name: "charlestaa",
                uuid: 2141ae62-0790-4113-ad53-af5fab1c806c,
            },
            NamedIdGeneric {
                name: "enx_0",
                uuid: a82bbb75-3d62-426a-ba1e-9b951227e5bf,
            },
            NamedIdGeneric {
                name: "MimasLikeOrbit",
                uuid: e415e01a-9570-445f-b660-90f7b3de9583,
            },
            NamedIdGeneric {
                name: "technomarco",
                uuid: b774887f-b739-4b0f-9dab-aa4908a84381,
            },
            NamedIdGeneric {
                name: "ThreeCamelz",
                uuid: 60b11099-7568-4a05-bef5-01e9b6fe01e3,
            },
            NamedIdGeneric {
                name: "DarkDoge33",
                uuid: 6053b2f5-c132-4f0f-b970-8892f01b9718,
            },
            NamedIdGeneric {
                name: "Veyronity",
                uuid: 5b8274bf-b162-4336-85a0-48f9d5380a78,
            },
            NamedIdGeneric {
                name: "Burger_devourer",
                uuid: fa18a412-c8c7-41e3-8f16-fecc2a010821,
            },
            NamedIdGeneric {
                name: "YummieBoy",
                uuid: 345b48e7-c385-4a64-b19e-b779014c0797,
            },
            NamedIdGeneric {
                name: "swagster197",
                uuid: 630863bf-ac89-4062-b354-3d6d21de5977,
            },
            NamedIdGeneric {
                name: "kaannnturan2015",
                uuid: 98d7953b-c80a-4017-b285-3f08cc085d0a,
            },
            NamedIdGeneric {
                name: "Gobezkid_Java",
                uuid: 572f725b-a386-4926-a592-e188fe878066,
            },
            NamedIdGeneric {
                name: "klinke94",
                uuid: 7e71091e-e5fd-4fc6-9478-02982d78e8c5,
            },
            NamedIdGeneric {
                name: "JFEARCHE",
                uuid: ec4295d7-5601-47c6-a0ae-ebcc7299e794,
            },
            NamedIdGeneric {
                name: "BabyTeethLFA",
                uuid: 7b6cc397-1df1-4af0-b389-7ed2c92c385b,
            },
            NamedIdGeneric {
                name: "blenderfan",
                uuid: 6a770048-eb47-44bd-b510-2248dc18262d,
            },
            NamedIdGeneric {
                name: "ProDerGOG",
                uuid: 776bbfee-e531-49eb-b593-7c09093540f7,
            },
            NamedIdGeneric {
                name: "HesmoTV",
                uuid: b93d5776-91ed-4baa-bbc6-4cbb719b60a9,
            },
            NamedIdGeneric {
                name: "sselerion",
                uuid: d0610251-6a0c-4367-a1e2-afa692de3891,
            },
            NamedIdGeneric {
                name: "DukestNukem",
                uuid: e4973c11-0f66-4603-bb85-1e55c038ebdc,
            },
            NamedIdGeneric {
                name: "Acceleratorf",
                uuid: 0d284473-28d8-4308-bde6-480af1ae7614,
            },
            NamedIdGeneric {
                name: "KeksteigFabrik",
                uuid: b92172a8-ccc1-4fc5-bd0f-1577814b94ad,
            },
            NamedIdGeneric {
                name: "c_yote",
                uuid: 750132a4-66f9-451b-8f2a-225c10d875f6,
            },
            NamedIdGeneric {
                name: "gamergagedude",
                uuid: c4e61f92-0a08-445b-8e9c-c93c4f61884c,
            },
            NamedIdGeneric {
                name: "Crypti206",
                uuid: 20cc7f3a-c331-4de3-bdc3-c1711c9930f4,
            },
            NamedIdGeneric {
                name: "Miirex",
                uuid: 284dad69-8e17-44f1-bd81-17201290ae9d,
            },
            NamedIdGeneric {
                name: "kerjibei",
                uuid: c1fd7797-ec00-4b03-87be-09a91a836c81,
            },
            NamedIdGeneric {
                name: "CordialDawn",
                uuid: 963013aa-673c-4a73-80df-02d0b5b4f309,
            },
            NamedIdGeneric {
                name: "okzoomr",
                uuid: 957f196b-c5aa-433d-b0ec-1753f7bb411e,
            },
            NamedIdGeneric {
                name: "SHAWNFRIEND",
                uuid: 10a2c684-173e-4ba5-a545-1597f9403e03,
            },
            NamedIdGeneric {
                name: "deron69",
                uuid: 80055d2a-b2da-40a9-abb3-4e32b03aea99,
            },
            NamedIdGeneric {
                name: "the_Master2412",
                uuid: d870fb50-87ca-42b5-908a-967f7821652e,
            },
            NamedIdGeneric {
                name: "NSOG",
                uuid: 7935c6bf-f607-43ab-a1ac-5f4e50f689bd,
            },
            NamedIdGeneric {
                name: "real_pascal",
                uuid: ae84442e-6606-4b5a-9c9a-56d1a2d9f47a,
            },
            NamedIdGeneric {
                name: "Brawler_king8",
                uuid: cd9f820d-6ace-420f-b446-215ae7ffa1e0,
            },
            NamedIdGeneric {
                name: "GenericPotato236",
                uuid: c560b764-7431-4edf-8b99-f71ac8f344ae,
            },
            NamedIdGeneric {
                name: "Nextlc",
                uuid: 02870b91-d061-4192-8cc4-7ec48ee0bdd9,
            },
            NamedIdGeneric {
                name: "Arska008",
                uuid: 21a52899-d6b9-4652-af27-1a71062ea5a2,
            },
            NamedIdGeneric {
                name: "BusStop9",
                uuid: b678f678-7b8b-4314-a9d7-5be56f00d80e,
            },
            NamedIdGeneric {
                name: "S11Daniels",
                uuid: ed9ca0d7-523d-494f-8385-1ea497e05ea7,
            },
            NamedIdGeneric {
                name: "csnh",
                uuid: 9987c7e1-88e5-4a30-99fb-000bbefc8ef7,
            },
            NamedIdGeneric {
                name: "erikloll",
                uuid: 7ebcebc6-19e8-4d77-915f-77d08bedd08c,
            },
            NamedIdGeneric {
                name: "Alexnetic",
                uuid: b3119c02-85dd-4074-9e01-287e386add9a,
            },
            NamedIdGeneric {
                name: "CurseDHarp257011",
                uuid: 4bf1dcd4-8208-439e-8b0f-f7be2b16cf50,
            },
            NamedIdGeneric {
                name: "Rider_of_Rohan2",
                uuid: e2b00f19-c56a-4378-8010-6ac4e230e3ce,
            },
            NamedIdGeneric {
                name: "chickeneater52",
                uuid: 02409600-fd7d-473c-a7a7-255b649d8b18,
            },
            NamedIdGeneric {
                name: "AimedOrc2877095",
                uuid: 9cfd9ce0-9e33-4942-bc6b-e7d8d07fad97,
            },
            NamedIdGeneric {
                name: "Soldiercat",
                uuid: 301e8a42-8d27-463e-8a83-ccade937cbae,
            },
            NamedIdGeneric {
                name: "ssythx",
                uuid: a5aea263-eeac-4bf7-af01-8ebaf427ff30,
            },
            NamedIdGeneric {
                name: "Gautomy",
                uuid: 05608f76-bab9-4fb0-b925-70e92c98174c,
            },
            NamedIdGeneric {
                name: "sugar_79",
                uuid: b94810dc-49cd-44b2-8f92-64612a39c4af,
            },
            NamedIdGeneric {
                name: "Waaa17",
                uuid: aa74728b-9c45-4f49-ad4a-9aa72e0c302a,
            },
            NamedIdGeneric {
                name: "Ze3nitsu",
                uuid: 69d6ece8-6187-4790-b4b4-43d91ca3f11c,
            },
            NamedIdGeneric {
                name: "uwuHaudraufienix",
                uuid: 604452ea-d122-43c7-9611-b33ffa2d36dd,
            },
            NamedIdGeneric {
                name: "Couptarts",
                uuid: fea612c3-cb59-42d5-91f2-6d67b3964136,
            },
            NamedIdGeneric {
                name: "OdioFrancia",
                uuid: c0956fe0-8778-4be7-92ff-a9dba0a0d24b,
            },
            NamedIdGeneric {
                name: "Enteee87_washed",
                uuid: 24b12c77-5d77-4875-9237-394b2f05456b,
            },
            NamedIdGeneric {
                name: "Leaped2Walk",
                uuid: f3253c2e-b1f3-432c-961b-a8b98c70c3dc,
            },
            NamedIdGeneric {
                name: "witchersimon",
                uuid: 2fb7acd3-9b82-4633-9f93-4a9b663739df,
            },
        ],
        towns: [
            NamedIdGeneric {
                name: "Czechoslovakia",
                uuid: cabb7a94-ecce-42bf-9a48-fb50f527a230,
            },
            NamedIdGeneric {
                name: "LandonBurg",
                uuid: 81cdbb98-ff4c-4cfd-b8eb-b273853dc42a,
            },
            NamedIdGeneric {
                name: "Karl-Marx-Stadt",
                uuid: a8c3faa4-17af-4e53-bf2f-03a2ed5d9596,
            },
            NamedIdGeneric {
                name: "Potsdam",
                uuid: 37876ea2-13ac-4498-8fe8-1b111bd14b45,
            },
            NamedIdGeneric {
                name: "Frankfurt-Oder",
                uuid: 3be04cfd-1d08-49f0-aaa6-c5cc8551fc2a,
            },
            NamedIdGeneric {
                name: "Magdeburg",
                uuid: a0900a9a-32bf-4494-aa3a-122885fb529f,
            },
            NamedIdGeneric {
                name: "Lakselv",
                uuid: c2150487-bfd6-4d26-b54f-a0ca54362860,
            },
            NamedIdGeneric {
                name: "Königsberg",
                uuid: f5459c57-0b2a-445f-ba75-9bf9db8d4461,
            },
            NamedIdGeneric {
                name: "Berlin",
                uuid: 82a1ecc6-d40c-4ee4-9bff-5b4acecb4e63,
            },
            NamedIdGeneric {
                name: "Market",
                uuid: 6774bd43-aa18-44fa-aafe-aa7d29e941fb,
            },
            NamedIdGeneric {
                name: "Usedom",
                uuid: 14a9ca6b-4658-459c-bdb8-37cda545c032,
            },
            NamedIdGeneric {
                name: "Greifswald",
                uuid: 18f40469-8931-4fe3-8585-d51fc248c78a,
            },
            NamedIdGeneric {
                name: "Odense",
                uuid: e87bf46c-7859-4f3b-9617-6ec4206d5903,
            },
            NamedIdGeneric {
                name: "VelvetwormIsGood",
                uuid: aceb8116-879f-4ffb-91fb-ef9207b6ebaa,
            },
            NamedIdGeneric {
                name: "Baltiysk",
                uuid: cfd8ead7-2ac7-4955-a69d-ec28acdb0293,
            },
            NamedIdGeneric {
                name: "Brandenburg",
                uuid: cadfc8ae-3ab6-44b4-92be-cbc3c0eee88e,
            },
            NamedIdGeneric {
                name: "Bitto",
                uuid: ecc13f0a-794b-443a-8aa3-506e0d0b1331,
            },
            NamedIdGeneric {
                name: "Ingolstadt",
                uuid: fa73489e-1297-4347-bf56-2c659171791b,
            },
        ],
        allies: [
            NamedIdGeneric {
                name: "Poland",
                uuid: dab70c4c-1edc-44c2-8a2e-340baa1583b6,
            },
            NamedIdGeneric {
                name: "France",
                uuid: 2a013de4-d29b-4603-830e-28517629866c,
            },
            NamedIdGeneric {
                name: "America",
                uuid: cb0833f5-416a-4e6c-a71e-483bb5b4886f,
            },
            NamedIdGeneric {
                name: "Austria",
                uuid: 412c87dd-393d-43c9-8bba-9ede9f554aa1,
            },
            NamedIdGeneric {
                name: "Oahu",
                uuid: ddaa3c25-6494-427e-acb6-8ac529e6b4ad,
            },
            NamedIdGeneric {
                name: "Monaco",
                uuid: 811a53de-8e44-4fea-a5aa-3472d2ddb8f0,
            },
            NamedIdGeneric {
                name: "Romania",
                uuid: 25966b79-c394-4e61-987c-bf50b3533107,
            },
            NamedIdGeneric {
                name: "Tanzania",
                uuid: d7f7d895-455e-4d0e-bcf9-a5ac9dbdc96e,
            },
            NamedIdGeneric {
                name: "Genoa",
                uuid: 4ca39e18-93c7-454e-b4e9-2d0d36314faa,
            },
        ],
        enemies: [
            NamedIdGeneric {
                name: "Savoie",
                uuid: c4306e4b-aa2a-4906-a9ed-333643759849,
            },
        ],
        sanctioned: [],
        ranks: {
            Chancellor: [],
            Colonist: [],
            Diplomat: [],
        },
    },
]
